node : Browserslist: caniuse-lite is outdated. Please run:
At line:1 char:156
+ ... ==BUILD===; node node_modules\next\dist\bin\next build > build-output ...
+                 ~~~~~~~~~~~~~~~~~~~~~~~~~~~~~~~~~~~~~~~~~~~~~~~~~~~~~~~~~
    + CategoryInfo          : NotSpecified: (Browserslist: c...ed. Please run: 
   :String) [], RemoteException
    + FullyQualifiedErrorId : NativeCommandError
 
npx browserslist@latest --update-db
Loaded env from C:\Users\hello\cetra-platform\.env.local

> Build error occurred
Error: Configuring Next.js via 'next.config.ts' is not supported. Please 
replace the file with 'next.config.js'.
    at loadConfig (C:\Users\hello\cetra-platform\node_modules\next\dist\next-se
rver\server\config.js:7:1493)
    at build 
(C:\Users\hello\cetra-platform\node_modules\next\dist\build\index.js:2:93)
